// Jest Snapshot v1, https://goo.gl/fbAQLP

exports[`Unit renders with correct styling 1`] = `
.c2 {
  text-transform: uppercase;
  font-size: 10px;
  margin: 0;
  padding: 0;
}

.c1 {
  font-size: 38px;
  line-height: 45px;
  font-weight: 600;
  font-feature-settings: "tnum";
  font-variant-numeric: tabular-nums;
}

.c0 {
  border: 1px solid #040404;
  padding: 1px 4px;
  display: -webkit-box;
  display: -webkit-flex;
  display: -ms-flexbox;
  display: flex;
  -webkit-flex-direction: column;
  -ms-flex-direction: column;
  flex-direction: column;
  -webkit-align-items: center;
  -webkit-box-align: center;
  -ms-flex-align: center;
  align-items: center;
  -webkit-box-pack: center;
  -webkit-justify-content: center;
  -ms-flex-pack: center;
  justify-content: center;
  min-width: 50px;
  height: 58px;
}

<div
  class="c0"
  data-testid="unit"
>
  <div
    class="c1"
    data-testid="value"
  >
    7
  </div>
  <label
    class="c2"
    data-testid="label"
  >
    Pants
  </label>
</div>
`;
